---
source: tests/integration/snapshot.rs
expression: redacted
---
# TYPE otel_scope info
otel_scope_info{otel_scope_name="meter.1",otel_scope_version=""} 1
# TYPE f64_gauge gauge
# HELP f64_gauge A \"gauge\"\nFor testing
f64_gauge{kk="v1",otel_scope_name="meter.1"} 4.22 NOW.sthg
f64_gauge{kk="v2",otel_scope_name="meter.1"} 4.23 NOW.sthg
# TYPE histo histogram
histo_created{otel_scope_name="meter.1"} NOW.sthg NOW.sthg
histo_count{otel_scope_name="meter.1"} 4 NOW.sthg
histo_sum{otel_scope_name="meter.1"} 15.7 NOW.sthg
histo_bucket{otel_scope_name="meter.1",le="0.0"} 1 NOW.sthg
histo_bucket{otel_scope_name="meter.1",le="5.0"} 3 NOW.sthg
histo_bucket{otel_scope_name="meter.1",le="10.0"} 3 NOW.sthg
histo_bucket{otel_scope_name="meter.1",le="25.0"} 4 NOW.sthg
histo_bucket{otel_scope_name="meter.1",le="50.0"} 4 NOW.sthg
histo_bucket{otel_scope_name="meter.1",le="75.0"} 4 NOW.sthg
histo_bucket{otel_scope_name="meter.1",le="100.0"} 4 NOW.sthg
histo_bucket{otel_scope_name="meter.1",le="250.0"} 4 NOW.sthg
histo_bucket{otel_scope_name="meter.1",le="500.0"} 4 NOW.sthg
histo_bucket{otel_scope_name="meter.1",le="750.0"} 4 NOW.sthg
histo_bucket{otel_scope_name="meter.1",le="1000.0"} 4 NOW.sthg
histo_bucket{otel_scope_name="meter.1",le="2500.0"} 4 NOW.sthg
histo_bucket{otel_scope_name="meter.1",le="5000.0"} 4 NOW.sthg
histo_bucket{otel_scope_name="meter.1",le="7500.0"} 4 NOW.sthg
histo_bucket{otel_scope_name="meter.1",le="10000.0"} 4 NOW.sthg
histo_bucket{otel_scope_name="meter.1",le="+Inf"} 4 NOW.sthg
# TYPE u64_counter_seconds counter
# UNIT u64_counter_seconds seconds
u64_counter_seconds_total{otel_scope_name="meter.1"} 125 NOW.sthg
# EOF
